// Jest Snapshot v1, https://goo.gl/fbAQLP

exports[`#fetchAppProfiles should collect data 1`] = `
Object {
  "collectedEntities": Array [],
  "collectedRelationships": Array [],
  "encounteredTypes": Array [],
  "numCollectedEntities": 0,
  "numCollectedRelationships": 0,
}
`;

exports[`#fetchBackups should collect data 1`] = `
Object {
  "collectedEntities": Array [],
  "collectedRelationships": Array [],
  "encounteredTypes": Array [],
  "numCollectedEntities": 0,
  "numCollectedRelationships": 0,
}
`;

exports[`#fetchClusters should collect data 1`] = `
Object {
  "collectedEntities": Array [],
  "collectedRelationships": Array [],
  "encounteredTypes": Array [],
  "numCollectedEntities": 0,
  "numCollectedRelationships": 0,
}
`;

exports[`#fetchInstances should collect data 1`] = `
Object {
  "collectedEntities": Array [],
  "collectedRelationships": Array [],
  "encounteredTypes": Array [],
  "numCollectedEntities": 0,
  "numCollectedRelationships": 0,
}
`;

exports[`#fetchOperations should collect data 1`] = `
Object {
  "collectedEntities": Array [],
  "collectedRelationships": Array [],
  "encounteredTypes": Array [],
  "numCollectedEntities": 0,
  "numCollectedRelationships": 0,
}
`;

exports[`#fetchTables should collect data 1`] = `
Object {
  "collectedEntities": Array [],
  "collectedRelationships": Array [],
  "encounteredTypes": Array [],
  "numCollectedEntities": 0,
  "numCollectedRelationships": 0,
}
`;
